Archive member included to satisfy reference by file (symbol)

g:/7.0/toolchain/avr8/avr8-gnu-toolchain/bin/../lib/gcc/avr/5.4.0/avr5\libgcc.a(_udivmodsi4.o)
                              main.o (__udivmodsi4)
g:/7.0/toolchain/avr8/avr8-gnu-toolchain/bin/../lib/gcc/avr/5.4.0/avr5\libgcc.a(_exit.o)
                              G:/7.0/Packs/atmel/ATmega_DFP/1.7.374/gcc/dev/atmega32/avr5/crtatmega32.o (exit)
g:/7.0/toolchain/avr8/avr8-gnu-toolchain/bin/../lib/gcc/avr/5.4.0/avr5\libgcc.a(_copy_data.o)
                              main.o (__do_copy_data)
g:/7.0/toolchain/avr8/avr8-gnu-toolchain/bin/../lib/gcc/avr/5.4.0/avr5\libgcc.a(_clear_bss.o)
                              main.o (__do_clear_bss)
g:/7.0/toolchain/avr8/avr8-gnu-toolchain/bin/../lib/gcc/avr/5.4.0/avr5\libgcc.a(_umulhisi3.o)
                              main.o (__umulhisi3)

Discarded input sections

 .data          0x00000000        0x0 G:/7.0/Packs/atmel/ATmega_DFP/1.7.374/gcc/dev/atmega32/avr5/crtatmega32.o
 .bss           0x00000000        0x0 G:/7.0/Packs/atmel/ATmega_DFP/1.7.374/gcc/dev/atmega32/avr5/crtatmega32.o
 .text          0x00000000        0x0 ADC_Program.o
 .data          0x00000000        0x0 ADC_Program.o
 .bss           0x00000000        0x0 ADC_Program.o
 .text          0x00000000        0x0 DIO_Program.o
 .data          0x00000000        0x0 DIO_Program.o
 .bss           0x00000000        0x0 DIO_Program.o
 .text.DIO_ActivePinInPullUpResistance
                0x00000000       0x70 DIO_Program.o
 .text.DIO_ReadPortValue
                0x00000000       0x30 DIO_Program.o
 .text.DIO_TogglePortValue
                0x00000000       0x30 DIO_Program.o
 .text.DIO_ActivePortInPullUpResistance
                0x00000000       0x28 DIO_Program.o
 .text          0x00000000        0x0 EEPROM_Program.o
 .data          0x00000000        0x0 EEPROM_Program.o
 .bss           0x00000000        0x0 EEPROM_Program.o
 .text.EEPROM_Write_Byte
                0x00000000       0x3c EEPROM_Program.o
 .text.EEPROM_Read_Byte
                0x00000000       0x50 EEPROM_Program.o
 .text          0x00000000        0x0 Global_Interrupt_Program.o
 .data          0x00000000        0x0 Global_Interrupt_Program.o
 .bss           0x00000000        0x0 Global_Interrupt_Program.o
 .text.Disable_Global_Interrupt
                0x00000000        0x8 Global_Interrupt_Program.o
 .text          0x00000000        0x0 I2C_Program.o
 .data          0x00000000        0x0 I2C_Program.o
 .bss           0x00000000        0x0 I2C_Program.o
 .text          0x00000000        0x0 main.o
 .data          0x00000000        0x0 main.o
 .bss           0x00000000        0x0 main.o
 .text          0x00000000        0x0 SSD_Program.o
 .data          0x00000000        0x0 SSD_Program.o
 .bss           0x00000000        0x0 SSD_Program.o
 .text.PRV_WriteHalfPort
                0x00000000       0x3e SSD_Program.o
 .text.SSD_Write_Number
                0x00000000       0x38 SSD_Program.o
 .text          0x00000000        0x0 Timer0_Program.o
 .data          0x00000000        0x0 Timer0_Program.o
 .bss           0x00000000        0x0 Timer0_Program.o
 .text.TimerSetDutyCycle
                0x00000000       0x26 Timer0_Program.o
 .text.TimerSetDelay_ms_UsingCTC
                0x00000000        0xe Timer0_Program.o
 .text.TimerStop
                0x00000000       0x14 Timer0_Program.o
 .text.TimerSetCallBackOVF
                0x00000000        0xe Timer0_Program.o
 .bss.Private_CTC_Counter
                0x00000000        0x2 Timer0_Program.o
 .text          0x00000000        0x0 g:/7.0/toolchain/avr8/avr8-gnu-toolchain/bin/../lib/gcc/avr/5.4.0/avr5\libgcc.a(_udivmodsi4.o)
 .data          0x00000000        0x0 g:/7.0/toolchain/avr8/avr8-gnu-toolchain/bin/../lib/gcc/avr/5.4.0/avr5\libgcc.a(_udivmodsi4.o)
 .bss           0x00000000        0x0 g:/7.0/toolchain/avr8/avr8-gnu-toolchain/bin/../lib/gcc/avr/5.4.0/avr5\libgcc.a(_udivmodsi4.o)
 .text.libgcc.mul
                0x00000000        0x0 g:/7.0/toolchain/avr8/avr8-gnu-toolchain/bin/../lib/gcc/avr/5.4.0/avr5\libgcc.a(_udivmodsi4.o)
 .text.libgcc   0x00000000        0x0 g:/7.0/toolchain/avr8/avr8-gnu-toolchain/bin/../lib/gcc/avr/5.4.0/avr5\libgcc.a(_udivmodsi4.o)
 .text.libgcc.prologue
                0x00000000        0x0 g:/7.0/toolchain/avr8/avr8-gnu-toolchain/bin/../lib/gcc/avr/5.4.0/avr5\libgcc.a(_udivmodsi4.o)
 .text.libgcc.builtins
                0x00000000        0x0 g:/7.0/toolchain/avr8/avr8-gnu-toolchain/bin/../lib/gcc/avr/5.4.0/avr5\libgcc.a(_udivmodsi4.o)
 .text.libgcc.fmul
                0x00000000        0x0 g:/7.0/toolchain/avr8/avr8-gnu-toolchain/bin/../lib/gcc/avr/5.4.0/avr5\libgcc.a(_udivmodsi4.o)
 .text.libgcc.fixed
                0x00000000        0x0 g:/7.0/toolchain/avr8/avr8-gnu-toolchain/bin/../lib/gcc/avr/5.4.0/avr5\libgcc.a(_udivmodsi4.o)
 .text          0x00000000        0x0 g:/7.0/toolchain/avr8/avr8-gnu-toolchain/bin/../lib/gcc/avr/5.4.0/avr5\libgcc.a(_exit.o)
 .data          0x00000000        0x0 g:/7.0/toolchain/avr8/avr8-gnu-toolchain/bin/../lib/gcc/avr/5.4.0/avr5\libgcc.a(_exit.o)
 .bss           0x00000000        0x0 g:/7.0/toolchain/avr8/avr8-gnu-toolchain/bin/../lib/gcc/avr/5.4.0/avr5\libgcc.a(_exit.o)
 .text.libgcc.mul
                0x00000000        0x0 g:/7.0/toolchain/avr8/avr8-gnu-toolchain/bin/../lib/gcc/avr/5.4.0/avr5\libgcc.a(_exit.o)
 .text.libgcc.div
                0x00000000        0x0 g:/7.0/toolchain/avr8/avr8-gnu-toolchain/bin/../lib/gcc/avr/5.4.0/avr5\libgcc.a(_exit.o)
 .text.libgcc   0x00000000        0x0 g:/7.0/toolchain/avr8/avr8-gnu-toolchain/bin/../lib/gcc/avr/5.4.0/avr5\libgcc.a(_exit.o)
 .text.libgcc.prologue
                0x00000000        0x0 g:/7.0/toolchain/avr8/avr8-gnu-toolchain/bin/../lib/gcc/avr/5.4.0/avr5\libgcc.a(_exit.o)
 .text.libgcc.builtins
                0x00000000        0x0 g:/7.0/toolchain/avr8/avr8-gnu-toolchain/bin/../lib/gcc/avr/5.4.0/avr5\libgcc.a(_exit.o)
 .text.libgcc.fmul
                0x00000000        0x0 g:/7.0/toolchain/avr8/avr8-gnu-toolchain/bin/../lib/gcc/avr/5.4.0/avr5\libgcc.a(_exit.o)
 .text.libgcc.fixed
                0x00000000        0x0 g:/7.0/toolchain/avr8/avr8-gnu-toolchain/bin/../lib/gcc/avr/5.4.0/avr5\libgcc.a(_exit.o)
 .text          0x00000000        0x0 g:/7.0/toolchain/avr8/avr8-gnu-toolchain/bin/../lib/gcc/avr/5.4.0/avr5\libgcc.a(_copy_data.o)
 .data          0x00000000        0x0 g:/7.0/toolchain/avr8/avr8-gnu-toolchain/bin/../lib/gcc/avr/5.4.0/avr5\libgcc.a(_copy_data.o)
 .bss           0x00000000        0x0 g:/7.0/toolchain/avr8/avr8-gnu-toolchain/bin/../lib/gcc/avr/5.4.0/avr5\libgcc.a(_copy_data.o)
 .text.libgcc.mul
                0x00000000        0x0 g:/7.0/toolchain/avr8/avr8-gnu-toolchain/bin/../lib/gcc/avr/5.4.0/avr5\libgcc.a(_copy_data.o)
 .text.libgcc.div
                0x00000000        0x0 g:/7.0/toolchain/avr8/avr8-gnu-toolchain/bin/../lib/gcc/avr/5.4.0/avr5\libgcc.a(_copy_data.o)
 .text.libgcc   0x00000000        0x0 g:/7.0/toolchain/avr8/avr8-gnu-toolchain/bin/../lib/gcc/avr/5.4.0/avr5\libgcc.a(_copy_data.o)
 .text.libgcc.prologue
                0x00000000        0x0 g:/7.0/toolchain/avr8/avr8-gnu-toolchain/bin/../lib/gcc/avr/5.4.0/avr5\libgcc.a(_copy_data.o)
 .text.libgcc.builtins
                0x00000000        0x0 g:/7.0/toolchain/avr8/avr8-gnu-toolchain/bin/../lib/gcc/avr/5.4.0/avr5\libgcc.a(_copy_data.o)
 .text.libgcc.fmul
                0x00000000        0x0 g:/7.0/toolchain/avr8/avr8-gnu-toolchain/bin/../lib/gcc/avr/5.4.0/avr5\libgcc.a(_copy_data.o)
 .text.libgcc.fixed
                0x00000000        0x0 g:/7.0/toolchain/avr8/avr8-gnu-toolchain/bin/../lib/gcc/avr/5.4.0/avr5\libgcc.a(_copy_data.o)
 .text          0x00000000        0x0 g:/7.0/toolchain/avr8/avr8-gnu-toolchain/bin/../lib/gcc/avr/5.4.0/avr5\libgcc.a(_clear_bss.o)
 .data          0x00000000        0x0 g:/7.0/toolchain/avr8/avr8-gnu-toolchain/bin/../lib/gcc/avr/5.4.0/avr5\libgcc.a(_clear_bss.o)
 .bss           0x00000000        0x0 g:/7.0/toolchain/avr8/avr8-gnu-toolchain/bin/../lib/gcc/avr/5.4.0/avr5\libgcc.a(_clear_bss.o)
 .text.libgcc.mul
                0x00000000        0x0 g:/7.0/toolchain/avr8/avr8-gnu-toolchain/bin/../lib/gcc/avr/5.4.0/avr5\libgcc.a(_clear_bss.o)
 .text.libgcc.div
                0x00000000        0x0 g:/7.0/toolchain/avr8/avr8-gnu-toolchain/bin/../lib/gcc/avr/5.4.0/avr5\libgcc.a(_clear_bss.o)
 .text.libgcc   0x00000000        0x0 g:/7.0/toolchain/avr8/avr8-gnu-toolchain/bin/../lib/gcc/avr/5.4.0/avr5\libgcc.a(_clear_bss.o)
 .text.libgcc.prologue
                0x00000000        0x0 g:/7.0/toolchain/avr8/avr8-gnu-toolchain/bin/../lib/gcc/avr/5.4.0/avr5\libgcc.a(_clear_bss.o)
 .text.libgcc.builtins
                0x00000000        0x0 g:/7.0/toolchain/avr8/avr8-gnu-toolchain/bin/../lib/gcc/avr/5.4.0/avr5\libgcc.a(_clear_bss.o)
 .text.libgcc.fmul
                0x00000000        0x0 g:/7.0/toolchain/avr8/avr8-gnu-toolchain/bin/../lib/gcc/avr/5.4.0/avr5\libgcc.a(_clear_bss.o)
 .text.libgcc.fixed
                0x00000000        0x0 g:/7.0/toolchain/avr8/avr8-gnu-toolchain/bin/../lib/gcc/avr/5.4.0/avr5\libgcc.a(_clear_bss.o)
 .text          0x00000000        0x0 g:/7.0/toolchain/avr8/avr8-gnu-toolchain/bin/../lib/gcc/avr/5.4.0/avr5\libgcc.a(_umulhisi3.o)
 .data          0x00000000        0x0 g:/7.0/toolchain/avr8/avr8-gnu-toolchain/bin/../lib/gcc/avr/5.4.0/avr5\libgcc.a(_umulhisi3.o)
 .bss           0x00000000        0x0 g:/7.0/toolchain/avr8/avr8-gnu-toolchain/bin/../lib/gcc/avr/5.4.0/avr5\libgcc.a(_umulhisi3.o)
 .text.libgcc.div
                0x00000000        0x0 g:/7.0/toolchain/avr8/avr8-gnu-toolchain/bin/../lib/gcc/avr/5.4.0/avr5\libgcc.a(_umulhisi3.o)
 .text.libgcc   0x00000000        0x0 g:/7.0/toolchain/avr8/avr8-gnu-toolchain/bin/../lib/gcc/avr/5.4.0/avr5\libgcc.a(_umulhisi3.o)
 .text.libgcc.prologue
                0x00000000        0x0 g:/7.0/toolchain/avr8/avr8-gnu-toolchain/bin/../lib/gcc/avr/5.4.0/avr5\libgcc.a(_umulhisi3.o)
 .text.libgcc.builtins
                0x00000000        0x0 g:/7.0/toolchain/avr8/avr8-gnu-toolchain/bin/../lib/gcc/avr/5.4.0/avr5\libgcc.a(_umulhisi3.o)
 .text.libgcc.fmul
                0x00000000        0x0 g:/7.0/toolchain/avr8/avr8-gnu-toolchain/bin/../lib/gcc/avr/5.4.0/avr5\libgcc.a(_umulhisi3.o)
 .text.libgcc.fixed
                0x00000000        0x0 g:/7.0/toolchain/avr8/avr8-gnu-toolchain/bin/../lib/gcc/avr/5.4.0/avr5\libgcc.a(_umulhisi3.o)

Memory Configuration

Name             Origin             Length             Attributes
text             0x00000000         0x00008000         xr
data             0x00800060         0x00000800         rw !x
eeprom           0x00810000         0x00000400         rw !x
fuse             0x00820000         0x00000002         rw !x
lock             0x00830000         0x00000400         rw !x
signature        0x00840000         0x00000400         rw !x
user_signatures  0x00850000         0x00000400         rw !x
*default*        0x00000000         0xffffffff

Linker script and memory map

LOAD G:/7.0/Packs/atmel/ATmega_DFP/1.7.374/gcc/dev/atmega32/avr5/crtatmega32.o
LOAD ADC_Program.o
LOAD DIO_Program.o
LOAD EEPROM_Program.o
LOAD Global_Interrupt_Program.o
LOAD I2C_Program.o
LOAD main.o
LOAD SSD_Program.o
LOAD Timer0_Program.o
START GROUP
LOAD g:/7.0/toolchain/avr8/avr8-gnu-toolchain/bin/../lib/gcc/avr/5.4.0/../../../../avr/lib/avr5\libm.a
END GROUP
START GROUP
LOAD g:/7.0/toolchain/avr8/avr8-gnu-toolchain/bin/../lib/gcc/avr/5.4.0/avr5\libgcc.a
LOAD g:/7.0/toolchain/avr8/avr8-gnu-toolchain/bin/../lib/gcc/avr/5.4.0/../../../../avr/lib/avr5\libm.a
LOAD g:/7.0/toolchain/avr8/avr8-gnu-toolchain/bin/../lib/gcc/avr/5.4.0/../../../../avr/lib/avr5\libc.a
LOAD G:/7.0/Packs/atmel/ATmega_DFP/1.7.374/gcc/dev/atmega32/avr5\libatmega32.a
END GROUP
                0x00000000                __TEXT_REGION_ORIGIN__ = DEFINED (__TEXT_REGION_ORIGIN__)?__TEXT_REGION_ORIGIN__:0x0
                [0x00800060]                __DATA_REGION_ORIGIN__ = DEFINED (__DATA_REGION_ORIGIN__)?__DATA_REGION_ORIGIN__:0x800060
                [0x00008000]                __TEXT_REGION_LENGTH__ = DEFINED (__TEXT_REGION_LENGTH__)?__TEXT_REGION_LENGTH__:0x20000
                [0x00000800]                __DATA_REGION_LENGTH__ = DEFINED (__DATA_REGION_LENGTH__)?__DATA_REGION_LENGTH__:0xffa0
                [0x00000400]                __EEPROM_REGION_LENGTH__ = DEFINED (__EEPROM_REGION_LENGTH__)?__EEPROM_REGION_LENGTH__:0x10000
                [0x00000002]                __FUSE_REGION_LENGTH__ = DEFINED (__FUSE_REGION_LENGTH__)?__FUSE_REGION_LENGTH__:0x400
                0x00000400                __LOCK_REGION_LENGTH__ = DEFINED (__LOCK_REGION_LENGTH__)?__LOCK_REGION_LENGTH__:0x400
                0x00000400                __SIGNATURE_REGION_LENGTH__ = DEFINED (__SIGNATURE_REGION_LENGTH__)?__SIGNATURE_REGION_LENGTH__:0x400
                0x00000400                __USER_SIGNATURE_REGION_LENGTH__ = DEFINED (__USER_SIGNATURE_REGION_LENGTH__)?__USER_SIGNATURE_REGION_LENGTH__:0x400

.hash
 *(.hash)

.dynsym
 *(.dynsym)

.dynstr
 *(.dynstr)

.gnu.version
 *(.gnu.version)

.gnu.version_d
 *(.gnu.version_d)

.gnu.version_r
 *(.gnu.version_r)

.rel.init
 *(.rel.init)

.rela.init
 *(.rela.init)

.rel.text
 *(.rel.text)
 *(.rel.text.*)
 *(.rel.gnu.linkonce.t*)

.rela.text
 *(.rela.text)
 *(.rela.text.*)
 *(.rela.gnu.linkonce.t*)

.rel.fini
 *(.rel.fini)

.rela.fini
 *(.rela.fini)

.rel.rodata
 *(.rel.rodata)
 *(.rel.rodata.*)
 *(.rel.gnu.linkonce.r*)

.rela.rodata
 *(.rela.rodata)
 *(.rela.rodata.*)
 *(.rela.gnu.linkonce.r*)

.rel.data
 *(.rel.data)
 *(.rel.data.*)
 *(.rel.gnu.linkonce.d*)

.rela.data
 *(.rela.data)
 *(.rela.data.*)
 *(.rela.gnu.linkonce.d*)

.rel.ctors
 *(.rel.ctors)

.rela.ctors
 *(.rela.ctors)

.rel.dtors
 *(.rel.dtors)

.rela.dtors
 *(.rela.dtors)

.rel.got
 *(.rel.got)

.rela.got
 *(.rela.got)

.rel.bss
 *(.rel.bss)

.rela.bss
 *(.rela.bss)

.rel.plt
 *(.rel.plt)

.rela.plt
 *(.rela.plt)

.text           0x00000000      0xc64
 *(.vectors)
 .vectors       0x00000000       0x54 G:/7.0/Packs/atmel/ATmega_DFP/1.7.374/gcc/dev/atmega32/avr5/crtatmega32.o
                0x00000000                __vector_default
                0x00000000                __vectors
 *(.vectors)
 *(.progmem.gcc*)
                0x00000054                . = ALIGN (0x2)
                0x00000054                __trampolines_start = .
 *(.trampolines)
 .trampolines   0x00000054        0x0 linker stubs
 *(.trampolines*)
                0x00000054                __trampolines_end = .
 *libprintf_flt.a:*(.progmem.data)
 *libc.a:*(.progmem.data)
 *(.progmem*)
                0x00000054                . = ALIGN (0x2)
 *(.jumptables)
 *(.jumptables*)
 *(.lowtext)
 *(.lowtext*)
                0x00000054                __ctors_start = .
 *(.ctors)
                0x00000054                __ctors_end = .
                0x00000054                __dtors_start = .
 *(.dtors)
                0x00000054                __dtors_end = .
 SORT(*)(.ctors)
 SORT(*)(.dtors)
 *(.init0)
 .init0         0x00000054        0x0 G:/7.0/Packs/atmel/ATmega_DFP/1.7.374/gcc/dev/atmega32/avr5/crtatmega32.o
                0x00000054                __init
 *(.init0)
 *(.init1)
 *(.init1)
 *(.init2)
 .init2         0x00000054        0xc G:/7.0/Packs/atmel/ATmega_DFP/1.7.374/gcc/dev/atmega32/avr5/crtatmega32.o
 *(.init2)
 *(.init3)
 *(.init3)
 *(.init4)
 .init4         0x00000060       0x16 g:/7.0/toolchain/avr8/avr8-gnu-toolchain/bin/../lib/gcc/avr/5.4.0/avr5\libgcc.a(_copy_data.o)
                0x00000060                __do_copy_data
 .init4         0x00000076       0x10 g:/7.0/toolchain/avr8/avr8-gnu-toolchain/bin/../lib/gcc/avr/5.4.0/avr5\libgcc.a(_clear_bss.o)
                0x00000076                __do_clear_bss
 *(.init4)
 *(.init5)
 *(.init5)
 *(.init6)
 *(.init6)
 *(.init7)
 *(.init7)
 *(.init8)
 *(.init8)
 *(.init9)
 .init9         0x00000086        0x8 G:/7.0/Packs/atmel/ATmega_DFP/1.7.374/gcc/dev/atmega32/avr5/crtatmega32.o
 *(.init9)
 *(.text)
 .text          0x0000008e        0x4 G:/7.0/Packs/atmel/ATmega_DFP/1.7.374/gcc/dev/atmega32/avr5/crtatmega32.o
                0x0000008e                __vector_1
                0x0000008e                __vector_12
                0x0000008e                __bad_interrupt
                0x0000008e                __vector_6
                0x0000008e                __vector_3
                0x0000008e                __vector_13
                0x0000008e                __vector_17
                0x0000008e                __vector_19
                0x0000008e                __vector_7
                0x0000008e                __vector_5
                0x0000008e                __vector_4
                0x0000008e                __vector_9
                0x0000008e                __vector_2
                0x0000008e                __vector_15
                0x0000008e                __vector_8
                0x0000008e                __vector_14
                0x0000008e                __vector_16
                0x0000008e                __vector_18
                0x0000008e                __vector_20
                0x00000092                . = ALIGN (0x2)
 *(.text.*)
 .text.ADC_init
                0x00000092       0x60 ADC_Program.o
                0x00000092                ADC_init
 .text.ADC_GetDigitalValue
                0x000000f2       0x32 ADC_Program.o
                0x000000f2                ADC_GetDigitalValue
 .text.DIO_SetPinMode
                0x00000124      0x104 DIO_Program.o
                0x00000124                DIO_SetPinMode
 .text.DIO_SetPinValue
                0x00000228      0x104 DIO_Program.o
                0x00000228                DIO_SetPinValue
 .text.DIO_ReadPinValue
                0x0000032c       0x76 DIO_Program.o
                0x0000032c                DIO_ReadPinValue
 .text.DIO_TogglePinValue
                0x000003a2       0x70 DIO_Program.o
                0x000003a2                DIO_TogglePinValue
 .text.DIO_SetPortMode
                0x00000412       0x60 DIO_Program.o
                0x00000412                DIO_SetPortMode
 .text.DIO_SetPortValue
                0x00000472       0x20 DIO_Program.o
                0x00000472                DIO_SetPortValue
 .text.EEPROM_Init
                0x00000492        0x6 EEPROM_Program.o
                0x00000492                EEPROM_Init
 .text.EEPROM_Write_Page
                0x00000498       0x60 EEPROM_Program.o
                0x00000498                EEPROM_Write_Page
 .text.EEPROM_Read_Page
                0x000004f8       0x7e EEPROM_Program.o
                0x000004f8                EEPROM_Read_Page
 .text.Enable_Global_Interrupt
                0x00000576        0x8 Global_Interrupt_Program.o
                0x00000576                Enable_Global_Interrupt
 .text.I2C_Init_Master
                0x0000057e       0x1e I2C_Program.o
                0x0000057e                I2C_Init_Master
 .text.I2C_Send_Start_Condition
                0x0000059c       0x1c I2C_Program.o
                0x0000059c                I2C_Send_Start_Condition
 .text.I2C_Send_Repeated_Start_Condition
                0x000005b8       0x1c I2C_Program.o
                0x000005b8                I2C_Send_Repeated_Start_Condition
 .text.I2C_Send_Stop_Condition
                0x000005d4        0xe I2C_Program.o
                0x000005d4                I2C_Send_Stop_Condition
 .text.I2C_Send_Slave_Add_With_Write
                0x000005e2       0x2a I2C_Program.o
                0x000005e2                I2C_Send_Slave_Add_With_Write
 .text.I2C_Send_Slave_Add_With_Read
                0x0000060c       0x2a I2C_Program.o
                0x0000060c                I2C_Send_Slave_Add_With_Read
 .text.I2C_Send_Master_Data_Byte
                0x00000636       0x18 I2C_Program.o
                0x00000636                I2C_Send_Master_Data_Byte
 .text.I2C_Receive_Master_Data_Byte_With_ACK
                0x0000064e       0x20 I2C_Program.o
                0x0000064e                I2C_Receive_Master_Data_Byte_With_ACK
 .text.I2C_Receive_Master_Data_Byte_With_No_ACK
                0x0000066e       0x2c I2C_Program.o
                0x0000066e                I2C_Receive_Master_Data_Byte_With_No_ACK
 .text.App_Get_Temp
                0x0000069a       0x3c main.o
                0x0000069a                App_Get_Temp
 .text.ReadTemp
                0x000006d6       0xa0 main.o
                0x000006d6                ReadTemp
 .text.App_Init_Modules
                0x00000776       0xc8 main.o
                0x00000776                App_Init_Modules
 .text.APP_TurnOnHeater
                0x0000083e       0x26 main.o
                0x0000083e                APP_TurnOnHeater
 .text.APP_TurnOffHeater
                0x00000864        0xc main.o
                0x00000864                APP_TurnOffHeater
 .text.APP_TurnOnCooler
                0x00000870       0x16 main.o
                0x00000870                APP_TurnOnCooler
 .text.APP_TurnOffCooler
                0x00000886        0xc main.o
                0x00000886                APP_TurnOffCooler
 .text.App_TempControlMode
                0x00000892       0x54 main.o
                0x00000892                App_TempControlMode
 .text.APP_TurnedOff
                0x000008e6       0x18 main.o
                0x000008e6                APP_TurnedOff
 .text.main     0x000008fe      0x178 main.o
                0x000008fe                main
 .text.SSD_Init
                0x00000a76       0x12 SSD_Program.o
                0x00000a76                SSD_Init
 .text.SSD_Write_Multiple_Number
                0x00000a88       0x44 SSD_Program.o
                0x00000a88                SSD_Write_Multiple_Number
 .text.SSD_Disable
                0x00000acc       0x12 SSD_Program.o
                0x00000acc                SSD_Disable
 .text.TimerInit
                0x00000ade       0x14 Timer0_Program.o
                0x00000ade                TimerInit
 .text.TimerSetCompareMatchValue
                0x00000af2        0x4 Timer0_Program.o
                0x00000af2                TimerSetCompareMatchValue
 .text.TimerStart
                0x00000af6       0x14 Timer0_Program.o
                0x00000af6                TimerStart
 .text.TimerSetCallBackCTC
                0x00000b0a        0xe Timer0_Program.o
                0x00000b0a                TimerSetCallBackCTC
 .text.__vector_11
                0x00000b18       0x76 Timer0_Program.o
                0x00000b18                __vector_11
 .text.__vector_10
                0x00000b8e       0x70 Timer0_Program.o
                0x00000b8e                __vector_10
 .text.libgcc.div
                0x00000bfe       0x44 g:/7.0/toolchain/avr8/avr8-gnu-toolchain/bin/../lib/gcc/avr/5.4.0/avr5\libgcc.a(_udivmodsi4.o)
                0x00000bfe                __udivmodsi4
 .text.libgcc.mul
                0x00000c42       0x1e g:/7.0/toolchain/avr8/avr8-gnu-toolchain/bin/../lib/gcc/avr/5.4.0/avr5\libgcc.a(_umulhisi3.o)
                0x00000c42                __umulhisi3
                0x00000c60                . = ALIGN (0x2)
 *(.fini9)
 .fini9         0x00000c60        0x0 g:/7.0/toolchain/avr8/avr8-gnu-toolchain/bin/../lib/gcc/avr/5.4.0/avr5\libgcc.a(_exit.o)
                0x00000c60                _exit
                0x00000c60                exit
 *(.fini9)
 *(.fini8)
 *(.fini8)
 *(.fini7)
 *(.fini7)
 *(.fini6)
 *(.fini6)
 *(.fini5)
 *(.fini5)
 *(.fini4)
 *(.fini4)
 *(.fini3)
 *(.fini3)
 *(.fini2)
 *(.fini2)
 *(.fini1)
 *(.fini1)
 *(.fini0)
 .fini0         0x00000c60        0x4 g:/7.0/toolchain/avr8/avr8-gnu-toolchain/bin/../lib/gcc/avr/5.4.0/avr5\libgcc.a(_exit.o)
 *(.fini0)
                0x00000c64                _etext = .

.data           0x00800060        0xc load address 0x00000c64
                0x00800060                PROVIDE (__data_start, .)
 *(.data)
 *(.data*)
 .data.desTemp  0x00800060        0x1 main.o
                0x00800060                desTemp
 .data.GlobAvgTemp
                0x00800061        0x1 main.o
                0x00800061                GlobAvgTemp
 .data.Sev_Seg  0x00800062        0xa SSD_Program.o
                0x00800062                Sev_Seg
 *(.gnu.linkonce.d*)
 *(.rodata)
 *(.rodata*)
 *(.gnu.linkonce.r*)
                0x0080006c                . = ALIGN (0x2)
                0x0080006c                _edata = .
                0x0080006c                PROVIDE (__data_end, .)

.bss            0x0080006c       0x16
                0x0080006c                PROVIDE (__bss_start, .)
 *(.bss)
 *(.bss*)
 .bss.ModeFlag  0x0080006c        0x1 main.o
                0x0080006c                ModeFlag
 .bss.TempData  0x0080006d        0xa main.o
                0x0080006d                TempData
 .bss.GlobCounter
                0x00800077        0x1 main.o
                0x00800077                GlobCounter
 .bss.GlobCurrentTemp
                0x00800078        0x2 main.o
                0x00800078                GlobCurrentTemp
 .bss.CTCcounter.1638
                0x0080007a        0x2 Timer0_Program.o
 .bss.OVFcounter.1632
                0x0080007c        0x2 Timer0_Program.o
 .bss.Private_P_CallBackCTC
                0x0080007e        0x2 Timer0_Program.o
 .bss.Private_P_CallBackOVF
                0x00800080        0x2 Timer0_Program.o
 *(COMMON)
                0x00800082                PROVIDE (__bss_end, .)
                0x00000c64                __data_load_start = LOADADDR (.data)
                0x00000c70                __data_load_end = (__data_load_start + SIZEOF (.data))

.noinit         0x00800082        0x0
                [!provide]                PROVIDE (__noinit_start, .)
 *(.noinit*)
                [!provide]                PROVIDE (__noinit_end, .)
                0x00800082                _end = .
                [!provide]                PROVIDE (__heap_start, .)

.eeprom         0x00810000        0x0
 *(.eeprom*)
                0x00810000                __eeprom_end = .

.fuse
 *(.fuse)
 *(.lfuse)
 *(.hfuse)
 *(.efuse)

.lock
 *(.lock*)

.signature
 *(.signature*)

.user_signatures
 *(.user_signatures*)

.stab
 *(.stab)

.stabstr
 *(.stabstr)

.stab.excl
 *(.stab.excl)

.stab.exclstr
 *(.stab.exclstr)

.stab.index
 *(.stab.index)

.stab.indexstr
 *(.stab.indexstr)

.comment        0x00000000       0x30
 *(.comment)
 .comment       0x00000000       0x30 ADC_Program.o
                                 0x31 (size before relaxing)
 .comment       0x00000030       0x31 DIO_Program.o
 .comment       0x00000030       0x31 EEPROM_Program.o
 .comment       0x00000030       0x31 Global_Interrupt_Program.o
 .comment       0x00000030       0x31 I2C_Program.o
 .comment       0x00000030       0x31 main.o
 .comment       0x00000030       0x31 SSD_Program.o
 .comment       0x00000030       0x31 Timer0_Program.o

.note.gnu.avr.deviceinfo
                0x00000000       0x3c
 .note.gnu.avr.deviceinfo
                0x00000000       0x3c G:/7.0/Packs/atmel/ATmega_DFP/1.7.374/gcc/dev/atmega32/avr5/crtatmega32.o

.note.gnu.build-id
 *(.note.gnu.build-id)

.debug
 *(.debug)

.line
 *(.line)

.debug_srcinfo
 *(.debug_srcinfo)

.debug_sfnames
 *(.debug_sfnames)

.debug_aranges  0x00000000      0x268
 *(.debug_aranges)
 .debug_aranges
                0x00000000       0x28 ADC_Program.o
 .debug_aranges
                0x00000028       0x68 DIO_Program.o
 .debug_aranges
                0x00000090       0x40 EEPROM_Program.o
 .debug_aranges
                0x000000d0       0x28 Global_Interrupt_Program.o
 .debug_aranges
                0x000000f8       0x60 I2C_Program.o
 .debug_aranges
                0x00000158       0x68 main.o
 .debug_aranges
                0x000001c0       0x40 SSD_Program.o
 .debug_aranges
                0x00000200       0x68 Timer0_Program.o

.debug_pubnames
 *(.debug_pubnames)

.debug_info     0x00000000     0x1e0a
 *(.debug_info .gnu.linkonce.wi.*)
 .debug_info    0x00000000      0x4e6 G:/7.0/Packs/atmel/ATmega_DFP/1.7.374/gcc/dev/atmega32/avr5/crtatmega32.o
 .debug_info    0x000004e6       0xe3 ADC_Program.o
 .debug_info    0x000005c9      0x2b3 DIO_Program.o
 .debug_info    0x0000087c      0x56a EEPROM_Program.o
 .debug_info    0x00000de6       0x98 Global_Interrupt_Program.o
 .debug_info    0x00000e7e      0x198 I2C_Program.o
 .debug_info    0x00001016      0x8d8 main.o
 .debug_info    0x000018ee      0x2f2 SSD_Program.o
 .debug_info    0x00001be0      0x22a Timer0_Program.o

.debug_abbrev   0x00000000      0xbb5
 *(.debug_abbrev)
 .debug_abbrev  0x00000000      0x4a3 G:/7.0/Packs/atmel/ATmega_DFP/1.7.374/gcc/dev/atmega32/avr5/crtatmega32.o
 .debug_abbrev  0x000004a3       0x6f ADC_Program.o
 .debug_abbrev  0x00000512       0xbf DIO_Program.o
 .debug_abbrev  0x000005d1      0x13f EEPROM_Program.o
 .debug_abbrev  0x00000710       0x46 Global_Interrupt_Program.o
 .debug_abbrev  0x00000756       0x90 I2C_Program.o
 .debug_abbrev  0x000007e6      0x226 main.o
 .debug_abbrev  0x00000a0c       0xeb SSD_Program.o
 .debug_abbrev  0x00000af7       0xbe Timer0_Program.o

.debug_line     0x00000000     0x1263
 *(.debug_line .debug_line.* .debug_line_end)
 .debug_line    0x00000000      0x116 G:/7.0/Packs/atmel/ATmega_DFP/1.7.374/gcc/dev/atmega32/avr5/crtatmega32.o
 .debug_line    0x00000116       0xf3 ADC_Program.o
 .debug_line    0x00000209      0x410 DIO_Program.o
 .debug_line    0x00000619      0x28b EEPROM_Program.o
 .debug_line    0x000008a4       0x72 Global_Interrupt_Program.o
 .debug_line    0x00000916      0x225 I2C_Program.o
 .debug_line    0x00000b3b      0x475 main.o
 .debug_line    0x00000fb0      0x116 SSD_Program.o
 .debug_line    0x000010c6      0x19d Timer0_Program.o

.debug_frame    0x00000000      0x530
 *(.debug_frame)
 .debug_frame   0x00000000       0x34 ADC_Program.o
 .debug_frame   0x00000034       0xb4 DIO_Program.o
 .debug_frame   0x000000e8       0xc0 EEPROM_Program.o
 .debug_frame   0x000001a8       0x34 Global_Interrupt_Program.o
 .debug_frame   0x000001dc       0xa4 I2C_Program.o
 .debug_frame   0x00000280       0xf0 main.o
 .debug_frame   0x00000370       0x7c SSD_Program.o
 .debug_frame   0x000003ec      0x144 Timer0_Program.o

.debug_str      0x00000000      0x958
 *(.debug_str)
 .debug_str     0x00000000      0x196 G:/7.0/Packs/atmel/ATmega_DFP/1.7.374/gcc/dev/atmega32/avr5/crtatmega32.o
 .debug_str     0x00000196      0x193 ADC_Program.o
                                0x1c7 (size before relaxing)
 .debug_str     0x00000329       0xeb DIO_Program.o
                                0x27d (size before relaxing)
 .debug_str     0x00000414      0x1ef EEPROM_Program.o
                                0x37f (size before relaxing)
 .debug_str     0x00000603       0x51 Global_Interrupt_Program.o
                                0x1bf (size before relaxing)
 .debug_str     0x00000654       0x2a I2C_Program.o
                                0x29f (size before relaxing)
 .debug_str     0x0000067e      0x19c main.o
                                0x427 (size before relaxing)
 .debug_str     0x0000081a       0x4b SSD_Program.o
                                0x25b (size before relaxing)
 .debug_str     0x00000865       0xf3 Timer0_Program.o
                                0x2a4 (size before relaxing)

.debug_loc      0x00000000      0xfd8
 *(.debug_loc)
 .debug_loc     0x00000000       0x74 ADC_Program.o
 .debug_loc     0x00000074      0x494 DIO_Program.o
 .debug_loc     0x00000508      0x49c EEPROM_Program.o
 .debug_loc     0x000009a4       0xbf I2C_Program.o
 .debug_loc     0x00000a63      0x28f main.o
 .debug_loc     0x00000cf2      0x12f SSD_Program.o
 .debug_loc     0x00000e21      0x1b7 Timer0_Program.o

.debug_macinfo
 *(.debug_macinfo)

.debug_weaknames
 *(.debug_weaknames)

.debug_funcnames
 *(.debug_funcnames)

.debug_typenames
 *(.debug_typenames)

.debug_varnames
 *(.debug_varnames)

.debug_pubtypes
 *(.debug_pubtypes)

.debug_ranges   0x00000000      0x1e8
 *(.debug_ranges)
 .debug_ranges  0x00000000       0x18 ADC_Program.o
 .debug_ranges  0x00000018       0x58 DIO_Program.o
 .debug_ranges  0x00000070       0x30 EEPROM_Program.o
 .debug_ranges  0x000000a0       0x18 Global_Interrupt_Program.o
 .debug_ranges  0x000000b8       0x50 I2C_Program.o
 .debug_ranges  0x00000108       0x58 main.o
 .debug_ranges  0x00000160       0x30 SSD_Program.o
 .debug_ranges  0x00000190       0x58 Timer0_Program.o

.debug_macro
 *(.debug_macro)
OUTPUT(FinalProject.elf elf32-avr)
LOAD linker stubs
